
[1m[46m RUN [49m[22m [36mv4.0.18 [39m[90mD:/Study/Programming/Projects/Finals[39m

 [31mΓ¥»[39m src/tests/adapter.test.ts [2m([22m[2m0 test[22m[2m)[22m
 [31mΓ¥»[39m src/tests/pipeline.test.ts [2m([22m[2m0 test[22m[2m)[22m
[90mstdout[2m | src/tests/transactions.test.ts[2m > [22m[2mUnitOfWork Transactional Boundaries[2m > [22m[2mshould successfully commit a transaction if no errors occur
[22m[39m[v0] DatabaseService: Creating new instance...
[v0] DatabaseService: Starting SQLite WASM initialization...

 [31mΓ¥»[39m src/tests/factory.test.ts [2m([22m[2m0 test[22m[2m)[22m
npx : [90mstderr[2m | src/tests/transactions.test.ts[2m > [22m[2mUnitOfWork Transactional Boundaries[2m > 
[22m[2mshould successfully commit a transaction if no errors occur
At line:1 char:1
+ npx vitest run > test-output.txt 2>&1
+ ~~~~~~~~~~~~~~~~~~~~~~~~~~~~~~~~~~~~~
    + CategoryInfo          : NotSpecified: ([90mstderr[2m...no errors occur:String) [], RemoteException
    + FullyQualifiedErrorId : NativeCommandError
 
[22m[39m[v0] DatabaseService: OPFS not available, using in-memory DB
[vitest] The vi.fn() mock did not use 'function' or 'class' in its implementation, see 
https://vitest.dev/api/vi#vi-spyon for examples.
[v0] DatabaseService: Initialization failed: TypeError: () => ({
          exec: __vite_ssr_import_0__.vi.fn(),
          close: __vite_ssr_import_0__.vi.fn(),
       ...<omitted>...}) is not a constructor
    at new Mock [90m(file:///D:/Study/Programming/Projects/Finals/[39mnode_modules/[4m@vitest/spy[24m/dist/in
dex.js:262:27[90m)[39m
    at DatabaseService.doInit 
(D:/Study/Programming/Projects/Finals/src/infrastructure/db/DatabaseService.ts:53:27)
[90m    at processTicksAndRejections (node:internal/process/task_queues:103:5)[39m
    at DatabaseService.init (D:/Study/Programming/Projects/Finals/src/infrastructure/db/DatabaseService.ts:32:13)
    at DatabaseService.getInstance 
(D:/Study/Programming/Projects/Finals/src/infrastructure/db/DatabaseService.ts:15:13)
    at UnitOfWork.create (D:/Study/Programming/Projects/Finals/src/infrastructure/db/UnitOfWork.ts:17:27)
    at D:/Study/Programming/Projects/Finals/src/tests/transactions.test.ts:12:21
    at 
[90mfile:///D:/Study/Programming/Projects/Finals/[39mnode_modules/[4m@vitest/runner[24m/dist/index.js:915:20

 [31mΓ¥»[39m src/tests/transactions.test.ts [2m([22m[2m2 tests[22m[2m | [22m[31m2 failed[39m[2m)[22m[32m 39[2mms[22m[39m
[31m     [31m├ù[31m should successfully commit a transaction if no errors occur[39m[32m 25[2mms[22m[39m
[31m     [31m├ù[31m should rollback transaction automatically when an error is thrown in work block[39m[32m 8[2mms[22m[39m

[31mΓÄ»ΓÄ»ΓÄ»ΓÄ»ΓÄ»ΓÄ»[39m[1m[41m Failed Suites 3 [49m[22m[31mΓÄ»ΓÄ»ΓÄ»ΓÄ»ΓÄ»ΓÄ»ΓÄ»[39m

[41m[1m FAIL [22m[49m src/tests/adapter.test.ts[2m [ src/tests/adapter.test.ts ][22m
[31m[1mError[22m: Failed to resolve import "../ai/OpenAIAdapter" from "src/tests/adapter.test.ts". Does the 
file exist?[39m
  Plugin: [35mvite:import-analysis[39m
  File: [36mD:/Study/Programming/Projects/Finals/src/tests/adapter.test.ts[39m:6:30
[33m  1  |  import { describe, it, expect } from "vitest";
  2  |  import { OpenAIAdapter } from "../ai/OpenAIAdapter";
     |                                 ^
  3  |  import { AnthropicAdapter } from "../ai/AnthropicAdapter";
  4  |  import { LocalModelAdapter } from "../ai/LocalModelAdapter";[39m
[90m [2mΓ¥»[22m TransformPluginContext._formatLog 
node_modules/vite/dist/node/chunks/dep-D4NMHUTW.js:[2m42528:41[22m[39m
[90m [2mΓ¥»[22m TransformPluginContext.error 
node_modules/vite/dist/node/chunks/dep-D4NMHUTW.js:[2m42525:16[22m[39m
[90m [2mΓ¥»[22m normalizeUrl node_modules/vite/dist/node/chunks/dep-D4NMHUTW.js:[2m40504:23[22m[39m
[90m [2mΓ¥»[22m node_modules/vite/dist/node/chunks/dep-D4NMHUTW.js:[2m40623:37[22m[39m
[90m [2mΓ¥»[22m TransformPluginContext.transform 
node_modules/vite/dist/node/chunks/dep-D4NMHUTW.js:[2m40550:7[22m[39m
[90m [2mΓ¥»[22m EnvironmentPluginContainer.transform 
node_modules/vite/dist/node/chunks/dep-D4NMHUTW.js:[2m42323:18[22m[39m
[90m [2mΓ¥»[22m loadAndTransform node_modules/vite/dist/node/chunks/dep-D4NMHUTW.js:[2m35739:27[22m[39m

[31m[2mΓÄ»ΓÄ»ΓÄ»ΓÄ»ΓÄ»ΓÄ»ΓÄ»ΓÄ»ΓÄ»ΓÄ»ΓÄ»ΓÄ»ΓÄ»ΓÄ»ΓÄ»ΓÄ»ΓÄ»ΓÄ»ΓÄ»ΓÄ»ΓÄ»ΓÄ»ΓÄ»ΓÄ»[1/5]ΓÄ»[22m[39m

[41m[1m FAIL [22m[49m src/tests/factory.test.ts[2m [ src/tests/factory.test.ts ][22m
[31m[1mError[22m: Failed to resolve import "../ai/QuestionFactory" from "src/tests/factory.test.ts". Does the 
file exist?[39m
  Plugin: [35mvite:import-analysis[39m
  File: [36mD:/Study/Programming/Projects/Finals/src/tests/factory.test.ts[39m:6:54
[33m  1  |  import { describe, it, expect } from "vitest";
  2  |  import { QuestionFactory } from "../ai/QuestionFactory";
     |                                   ^
  3  |  describe("QuestionFactory", () => {
  4  |    describe("create MCQ", () => {[39m
[90m [2mΓ¥»[22m TransformPluginContext._formatLog 
node_modules/vite/dist/node/chunks/dep-D4NMHUTW.js:[2m42528:41[22m[39m
[90m [2mΓ¥»[22m TransformPluginContext.error 
node_modules/vite/dist/node/chunks/dep-D4NMHUTW.js:[2m42525:16[22m[39m
[90m [2mΓ¥»[22m normalizeUrl node_modules/vite/dist/node/chunks/dep-D4NMHUTW.js:[2m40504:23[22m[39m
[90m [2mΓ¥»[22m node_modules/vite/dist/node/chunks/dep-D4NMHUTW.js:[2m40623:37[22m[39m
[90m [2mΓ¥»[22m TransformPluginContext.transform 
node_modules/vite/dist/node/chunks/dep-D4NMHUTW.js:[2m40550:7[22m[39m
[90m [2mΓ¥»[22m EnvironmentPluginContainer.transform 
node_modules/vite/dist/node/chunks/dep-D4NMHUTW.js:[2m42323:18[22m[39m
[90m [2mΓ¥»[22m loadAndTransform node_modules/vite/dist/node/chunks/dep-D4NMHUTW.js:[2m35739:27[22m[39m

[31m[2mΓÄ»ΓÄ»ΓÄ»ΓÄ»ΓÄ»ΓÄ»ΓÄ»ΓÄ»ΓÄ»ΓÄ»ΓÄ»ΓÄ»ΓÄ»ΓÄ»ΓÄ»ΓÄ»ΓÄ»ΓÄ»ΓÄ»ΓÄ»ΓÄ»ΓÄ»ΓÄ»ΓÄ»[2/5]ΓÄ»[22m[39m

[41m[1m FAIL [22m[49m src/tests/pipeline.test.ts[2m [ src/tests/pipeline.test.ts ][22m
[31m[1mError[22m: Failed to resolve import "../processing/GenerationPipeline" from 
"src/tests/pipeline.test.ts". Does the file exist?[39m
  Plugin: [35mvite:import-analysis[39m
  File: [36mD:/Study/Programming/Projects/Finals/src/tests/pipeline.test.ts[39m:6:54
[33m  1  |  import { describe, it, expect, beforeEach } from "vitest";
  2  |  import { GenerationPipeline } from "../processing/GenerationPipeline";
     |                                      ^
  3  |  describe("GenerationPipeline", () => {
  4  |    let pipeline;[39m
[90m [2mΓ¥»[22m TransformPluginContext._formatLog 
node_modules/vite/dist/node/chunks/dep-D4NMHUTW.js:[2m42528:41[22m[39m
[90m [2mΓ¥»[22m TransformPluginContext.error 
node_modules/vite/dist/node/chunks/dep-D4NMHUTW.js:[2m42525:16[22m[39m
[90m [2mΓ¥»[22m normalizeUrl node_modules/vite/dist/node/chunks/dep-D4NMHUTW.js:[2m40504:23[22m[39m
[90m [2mΓ¥»[22m node_modules/vite/dist/node/chunks/dep-D4NMHUTW.js:[2m40623:37[22m[39m
[90m [2mΓ¥»[22m TransformPluginContext.transform 
node_modules/vite/dist/node/chunks/dep-D4NMHUTW.js:[2m40550:7[22m[39m
[90m [2mΓ¥»[22m EnvironmentPluginContainer.transform 
node_modules/vite/dist/node/chunks/dep-D4NMHUTW.js:[2m42323:18[22m[39m
[90m [2mΓ¥»[22m loadAndTransform node_modules/vite/dist/node/chunks/dep-D4NMHUTW.js:[2m35739:27[22m[39m

[31m[2mΓÄ»ΓÄ»ΓÄ»ΓÄ»ΓÄ»ΓÄ»ΓÄ»ΓÄ»ΓÄ»ΓÄ»ΓÄ»ΓÄ»ΓÄ»ΓÄ»ΓÄ»ΓÄ»ΓÄ»ΓÄ»ΓÄ»ΓÄ»ΓÄ»ΓÄ»ΓÄ»ΓÄ»[3/5]ΓÄ»[22m[39m


[31mΓÄ»ΓÄ»ΓÄ»ΓÄ»ΓÄ»ΓÄ»ΓÄ»[39m[1m[41m Failed Tests 2 [49m[22m[31mΓÄ»ΓÄ»ΓÄ»ΓÄ»ΓÄ»ΓÄ»ΓÄ»[39m

[41m[1m FAIL [22m[49m src/tests/transactions.test.ts[2m > [22mUnitOfWork Transactional Boundaries[2m > 
[22mshould successfully commit a transaction if no errors occur
[31m[1mTypeError[22m: () => ({
          exec: __vite_ssr_import_0__.vi.fn(),
          close: __vite_ssr_import_0__.vi.fn(),
       ...<omitted>...}) is not a constructor[39m
[36m [2mΓ¥»[22m DatabaseService.doInit src/infrastructure/db/DatabaseService.ts:[2m53:27[22m[39m
    [90m 51| [39m            } [35melse[39m {
    [90m 52| [39m                console.warn('[v0] DatabaseService: OPFS not availableΓÇª
    [90m 53| [39m                this.db = new sqlite3.oo1.DB('/game_data.sqlite3', 'ctΓÇª
    [90m   | [39m                          [31m^[39m
    [90m 54| [39m            }
    [90m 55| [39m            [35mthis[39m[33m.[39m[34mmigrate[39m()[33m;[39m
[90m [2mΓ¥»[22m DatabaseService.init src/infrastructure/db/DatabaseService.ts:[2m32:13[22m[39m
[90m [2mΓ¥»[22m DatabaseService.getInstance src/infrastructure/db/DatabaseService.ts:[2m15:13[22m[39m
[90m [2mΓ¥»[22m UnitOfWork.create src/infrastructure/db/UnitOfWork.ts:[2m17:27[22m[39m
[90m [2mΓ¥»[22m src/tests/transactions.test.ts:[2m12:21[22m[39m

[31m[2mΓÄ»ΓÄ»ΓÄ»ΓÄ»ΓÄ»ΓÄ»ΓÄ»ΓÄ»ΓÄ»ΓÄ»ΓÄ»ΓÄ»ΓÄ»ΓÄ»ΓÄ»ΓÄ»ΓÄ»ΓÄ»ΓÄ»ΓÄ»ΓÄ»ΓÄ»ΓÄ»ΓÄ»[4/5]ΓÄ»[22m[39m

[41m[1m FAIL [22m[49m src/tests/transactions.test.ts[2m > [22mUnitOfWork Transactional Boundaries[2m > 
[22mshould rollback transaction automatically when an error is thrown in work block
[31m[1mTypeError[22m: [Function run] is not a spy or a call to a spy![39m
[36m [2mΓ¥»[22m src/tests/transactions.test.ts:[2m38:28[22m[39m
    [90m 36| [39m        }
    [90m 37| [39m
    [90m 38| [39m        
[34mexpect[39m(dbMock[33m.[39mrun)[33m.[39m[34mtoHaveBeenCalledWith[39m([32m"BEGIN 
TRANSACTION"[39m)[33m;[39m
    [90m   | [39m                           [31m^[39m
    [90m 39| [39m        [34mexpect[39m(dbMock[33m.[39mrun)[33m.[39mnot[33m.[39m[34mtoHaveBeenCalledWi
th[39m([32m"COMMIT"[39m)[33m;[39m
    [90m 40| [39m        
[34mexpect[39m(dbMock[33m.[39mrun)[33m.[39m[34mtoHaveBeenCalledWith[39m([32m"ROLLBACK"[39m)[33m;[39m

[31m[2mΓÄ»ΓÄ»ΓÄ»ΓÄ»ΓÄ»ΓÄ»ΓÄ»ΓÄ»ΓÄ»ΓÄ»ΓÄ»ΓÄ»ΓÄ»ΓÄ»ΓÄ»ΓÄ»ΓÄ»ΓÄ»ΓÄ»ΓÄ»ΓÄ»ΓÄ»ΓÄ»ΓÄ»[5/5]ΓÄ»[22m[39m


[2m Test Files [22m [1m[31m4 failed[39m[22m[90m (4)[39m
[2m      Tests [22m [1m[31m2 failed[39m[22m[90m (2)[39m
[2m   Start at [22m 22:56:15
[2m   Duration [22m 16.95s[2m (transform 1.07s, setup 1.13s, import 336ms, tests 39ms, environment 57.28s)[22m

